// Jest Snapshot v1, https://goo.gl/fbAQLP

exports[`HottestVideoBlock component is rendering properly 1`] = `
<div
  class="video-block"
>
  <div
    class="video-block-title"
  >
    <div
      class="video-block-title-head"
    >
      <span>
        ðŸ”¥ right now
      </span>
    </div>
    <a
      class="button"
      href="/hottest_episodes"
    >
      <span>
        View all
      </span>
    </a>
  </div>
  <div
    class="video-block-content"
  >
    <div
      class="anime-small-thumbnail-list"
    />
  </div>
</div>
`;
