// Jest Snapshot v1, https://goo.gl/fbAQLP

exports[`LazyImage component is rendering properly 1`] = `null`;

exports[`Tests are working well 1`] = `null`;
